// Jest Snapshot v1, https://goo.gl/fbAQLP

exports[`<MemoComponent /> should render MemoComponent component 1`] = `
<DocumentFragment>
  <div
    class="info"
  >
    <p
      class="appIntro"
    >
      Title: mock string
    </p>
    <p
      class="appIntro"
    >
      Production: mock string
    </p>
    <img
      alt="mock string"
      class="appBanner"
      src="mock string"
    />
  </div>
</DocumentFragment>
`;
