// Jest Snapshot v1, https://goo.gl/fbAQLP

exports[`<Memo /> should render Memo component 1`] = `
<DocumentFragment>
  <div
    class="memo"
  >
    <div
      class="info"
    >
      <p
        class="appIntro"
      >
        Title: John Carter
      </p>
      <p
        class="appIntro"
      >
        Production: Walt Disney Pictures
      </p>
      <img
        alt="John Carter"
        class="appBanner"
        src="https://m.media-amazon.com/images/M/MV5BMDEwZmIzNjYtNjUwNS00MzgzLWJiOGYtZWMxZGQ5NDcxZjUwXkEyXkFqcGdeQXVyNTIzOTk5ODM@._V1_SX300.jpg"
      />
    </div>
    <div
      class="events"
    >
      <p
        class="update"
      >
        Likes: 0
      </p>
      <button
        class="update updateBtn"
        data-testid="click-handler-button"
        type="button"
      >
        Like
      </button>
      <input
        class="update"
        data-testid="change-title-input"
        type="text"
        value="John Carter"
      />
    </div>
  </div>
</DocumentFragment>
`;
