// Jest Snapshot v1, https://goo.gl/fbAQLP

exports[`<MemoView /> should render MemoView component 1`] = `
<DocumentFragment>
  <div
    class="memo"
  >
    <div
      class="info"
    >
      <p
        class="appIntro"
      >
        Title: mock string
      </p>
      <p
        class="appIntro"
      >
        Production: mock string
      </p>
      <img
        alt="mock string"
        class="appBanner"
        src="mock string"
      />
    </div>
    <div
      class="events"
    >
      <p
        class="update"
      >
        Likes: 1
      </p>
      <button
        class="update updateBtn"
        data-testid="click-handler-button"
        type="button"
      >
        Like
      </button>
      <input
        class="update"
        data-testid="change-title-input"
        type="text"
        value="mock string"
      />
    </div>
  </div>
</DocumentFragment>
`;
