// Jest Snapshot v1, https://goo.gl/fbAQLP

exports[`<Lazy /> should render Lazy component 1`] = `
<DocumentFragment>
  <div>
    <p
      class="appIntro"
    >
      Lazy page
    </p>
    <input
      data-testid="input-search"
      type="text"
      value=""
    />
    <button
      class="updateFilm"
      data-testid="update-film-button"
      type="button"
    >
      Search
    </button>
  </div>
</DocumentFragment>
`;
